Command line invocation:
    /Applications/Xcode.app/Contents/Developer/usr/bin/xcodebuild -project PXJ.xcodeproj -scheme PXJ -configuration Debug -destination generic/platform=iOS CODE_SIGNING_ALLOWED=NO build

Build settings from command line:
    CODE_SIGNING_ALLOWED = NO

2026-06-30 14:29:25.075 xcodebuild[47763:885375] [MT] IDERunDestination: Supported platforms for the buildables in the current scheme is empty.
ComputePackagePrebuildTargetDependencyGraph

Prepare packages

CreateBuildRequest

SendProjectDescription

CreateBuildOperation

ComputeTargetDependencyGraph
note: Building targets in dependency order
note: Target dependency graph (1 target)
    Target 'PXJ' in project 'PXJ' (no dependencies)

GatherProvisioningInputs

CreateBuildDescription

ExecuteExternalTool /Applications/Xcode.app/Contents/Developer/usr/bin/actool --print-asset-tag-combinations --output-format xml1 /Users/macstar/Code/PXJ/PXJ/Assets.xcassets

ExecuteExternalTool /Applications/Xcode.app/Contents/Developer/Toolchains/XcodeDefault.xctoolchain/usr/bin/clang -v -E -dM -isysroot /Applications/Xcode.app/Contents/Developer/Platforms/iPhoneOS.platform/Developer/SDKs/iPhoneOS26.5.sdk -x c -c /dev/null

ExecuteExternalTool /Applications/Xcode.app/Contents/Developer/usr/bin/actool --version --output-format xml1

ExecuteExternalTool /Applications/Xcode.app/Contents/Developer/Toolchains/XcodeDefault.xctoolchain/usr/bin/swiftc --version

ExecuteExternalTool /Applications/Xcode.app/Contents/Developer/Toolchains/XcodeDefault.xctoolchain/usr/bin/ld -version_details

Build description signature: 5d201dbc3fafd0bf989b4c584337c326
Build description path: /Users/macstar/Library/Developer/Xcode/DerivedData/PXJ-czjyndbyqatnunapslxpnxerxhgv/Build/Intermediates.noindex/XCBuildData/5d201dbc3fafd0bf989b4c584337c326.xcbuilddata
ClangStatCache /Applications/Xcode.app/Contents/Developer/Toolchains/XcodeDefault.xctoolchain/usr/bin/clang-stat-cache /Applications/Xcode.app/Contents/Developer/Platforms/iPhoneOS.platform/Developer/SDKs/iPhoneOS26.5.sdk /Users/macstar/Library/Developer/Xcode/DerivedData/SDKStatCaches.noindex/iphoneos26.5-23F81a-32daed1954a7d5dd0789fcaf2a9bb78b.sdkstatcache
    cd /Users/macstar/Code/PXJ/PXJ.xcodeproj
    /Applications/Xcode.app/Contents/Developer/Toolchains/XcodeDefault.xctoolchain/usr/bin/clang-stat-cache /Applications/Xcode.app/Contents/Developer/Platforms/iPhoneOS.platform/Developer/SDKs/iPhoneOS26.5.sdk -o /Users/macstar/Library/Developer/Xcode/DerivedData/SDKStatCaches.noindex/iphoneos26.5-23F81a-32daed1954a7d5dd0789fcaf2a9bb78b.sdkstatcache

warning: Traditional headermap style is no longer supported; please migrate to using separate headermaps and set 'ALWAYS_SEARCH_USER_PATHS' to NO. (in target 'PXJ' from project 'PXJ')
ProcessInfoPlistFile /Users/macstar/Library/Developer/Xcode/DerivedData/PXJ-czjyndbyqatnunapslxpnxerxhgv/Build/Products/Debug-iphoneos/PXJ.app/Info.plist /Users/macstar/Code/PXJ/PXJ/Info.plist (in target 'PXJ' from project 'PXJ')
    cd /Users/macstar/Code/PXJ
    builtin-infoPlistUtility /Users/macstar/Code/PXJ/PXJ/Info.plist -producttype com.apple.product-type.application -genpkginfo /Users/macstar/Library/Developer/Xcode/DerivedData/PXJ-czjyndbyqatnunapslxpnxerxhgv/Build/Products/Debug-iphoneos/PXJ.app/PkgInfo -expandbuildsettings -format binary -platform iphoneos -additionalcontentfile /Users/macstar/Library/Developer/Xcode/DerivedData/PXJ-czjyndbyqatnunapslxpnxerxhgv/Build/Intermediates.noindex/PXJ.build/Debug-iphoneos/PXJ.build/assetcatalog_generated_info.plist -requiredArchitecture arm64 -o /Users/macstar/Library/Developer/Xcode/DerivedData/PXJ-czjyndbyqatnunapslxpnxerxhgv/Build/Products/Debug-iphoneos/PXJ.app/Info.plist

CopySwiftLibs /Users/macstar/Library/Developer/Xcode/DerivedData/PXJ-czjyndbyqatnunapslxpnxerxhgv/Build/Products/Debug-iphoneos/PXJ.app (in target 'PXJ' from project 'PXJ')
    cd /Users/macstar/Code/PXJ
    builtin-swiftStdLibTool --copy --verbose --scan-executable /Users/macstar/Library/Developer/Xcode/DerivedData/PXJ-czjyndbyqatnunapslxpnxerxhgv/Build/Products/Debug-iphoneos/PXJ.app/PXJ --scan-folder /Users/macstar/Library/Developer/Xcode/DerivedData/PXJ-czjyndbyqatnunapslxpnxerxhgv/Build/Products/Debug-iphoneos/PXJ.app/Frameworks --scan-folder /Users/macstar/Library/Developer/Xcode/DerivedData/PXJ-czjyndbyqatnunapslxpnxerxhgv/Build/Products/Debug-iphoneos/PXJ.app/PlugIns --scan-folder /Users/macstar/Library/Developer/Xcode/DerivedData/PXJ-czjyndbyqatnunapslxpnxerxhgv/Build/Products/Debug-iphoneos/PXJ.app/SystemExtensions --scan-folder /Users/macstar/Library/Developer/Xcode/DerivedData/PXJ-czjyndbyqatnunapslxpnxerxhgv/Build/Products/Debug-iphoneos/PXJ.app/Extensions --platform iphoneos --toolchain /Applications/Xcode.app/Contents/Developer/Toolchains/XcodeDefault.xctoolchain --destination /Users/macstar/Library/Developer/Xcode/DerivedData/PXJ-czjyndbyqatnunapslxpnxerxhgv/Build/Products/Debug-iphoneos/PXJ.app/Frameworks --strip-bitcode --strip-bitcode-tool /Applications/Xcode.app/Contents/Developer/Toolchains/XcodeDefault.xctoolchain/usr/bin/bitcode_strip --emit-dependency-info /Users/macstar/Library/Developer/Xcode/DerivedData/PXJ-czjyndbyqatnunapslxpnxerxhgv/Build/Intermediates.noindex/PXJ.build/Debug-iphoneos/PXJ.build/SwiftStdLibToolInputDependencies.dep --filter-for-swift-os --back-deploy-swift-span
Ignoring --strip-bitcode because --sign was not passed

** BUILD SUCCEEDED **

