Command line invocation:
    /Applications/Xcode.app/Contents/Developer/usr/bin/xcodebuild -project PXJ.xcodeproj -scheme PXJ -configuration Debug -destination generic/platform=iOS CODE_SIGNING_ALLOWED=NO build

Build settings from command line:
    CODE_SIGNING_ALLOWED = NO

2026-06-30 15:47:16.784 xcodebuild[49126:928649] [MT] IDERunDestination: Supported platforms for the buildables in the current scheme is empty.
ComputePackagePrebuildTargetDependencyGraph

Prepare packages

CreateBuildRequest

SendProjectDescription

CreateBuildOperation

ComputeTargetDependencyGraph
note: Building targets in dependency order
note: Target dependency graph (1 target)
    Target 'PXJ' in project 'PXJ' (no dependencies)

GatherProvisioningInputs

CreateBuildDescription

ExecuteExternalTool /Applications/Xcode.app/Contents/Developer/Toolchains/XcodeDefault.xctoolchain/usr/bin/clang -v -E -dM -isysroot /Applications/Xcode.app/Contents/Developer/Platforms/iPhoneOS.platform/Developer/SDKs/iPhoneOS26.5.sdk -x c -c /dev/null

ExecuteExternalTool /Applications/Xcode.app/Contents/Developer/usr/bin/actool --print-asset-tag-combinations --output-format xml1 /Users/macstar/Code/PXJ/PXJ/Assets.xcassets

ExecuteExternalTool /Applications/Xcode.app/Contents/Developer/usr/bin/actool --version --output-format xml1

ExecuteExternalTool /Applications/Xcode.app/Contents/Developer/Toolchains/XcodeDefault.xctoolchain/usr/bin/swiftc --version

ExecuteExternalTool /Applications/Xcode.app/Contents/Developer/Toolchains/XcodeDefault.xctoolchain/usr/bin/ld -version_details

Build description signature: 0b436b879c52f64089070ab6f2680bb3
Build description path: /Users/macstar/Library/Developer/Xcode/DerivedData/PXJ-czjyndbyqatnunapslxpnxerxhgv/Build/Intermediates.noindex/XCBuildData/0b436b879c52f64089070ab6f2680bb3.xcbuilddata
ClangStatCache /Applications/Xcode.app/Contents/Developer/Toolchains/XcodeDefault.xctoolchain/usr/bin/clang-stat-cache /Applications/Xcode.app/Contents/Developer/Platforms/iPhoneOS.platform/Developer/SDKs/iPhoneOS26.5.sdk /Users/macstar/Library/Developer/Xcode/DerivedData/SDKStatCaches.noindex/iphoneos26.5-23F81a-32daed1954a7d5dd0789fcaf2a9bb78b.sdkstatcache
    cd /Users/macstar/Code/PXJ/PXJ.xcodeproj
    /Applications/Xcode.app/Contents/Developer/Toolchains/XcodeDefault.xctoolchain/usr/bin/clang-stat-cache /Applications/Xcode.app/Contents/Developer/Platforms/iPhoneOS.platform/Developer/SDKs/iPhoneOS26.5.sdk -o /Users/macstar/Library/Developer/Xcode/DerivedData/SDKStatCaches.noindex/iphoneos26.5-23F81a-32daed1954a7d5dd0789fcaf2a9bb78b.sdkstatcache

warning: Traditional headermap style is no longer supported; please migrate to using separate headermaps and set 'ALWAYS_SEARCH_USER_PATHS' to NO. (in target 'PXJ' from project 'PXJ')
SwiftDriver PXJ normal arm64 com.apple.xcode.tools.swift.compiler (in target 'PXJ' from project 'PXJ')
    cd /Users/macstar/Code/PXJ
    builtin-SwiftDriver -- /Applications/Xcode.app/Contents/Developer/Toolchains/XcodeDefault.xctoolchain/usr/bin/swiftc -module-name PXJ -O @/Users/macstar/Library/Developer/Xcode/DerivedData/PXJ-czjyndbyqatnunapslxpnxerxhgv/Build/Intermediates.noindex/PXJ.build/Debug-iphoneos/PXJ.build/Objects-normal/arm64/PXJ.SwiftFileList -DDEBUG -enable-bare-slash-regex -enable-experimental-feature DebugDescriptionMacro -sdk /Applications/Xcode.app/Contents/Developer/Platforms/iPhoneOS.platform/Developer/SDKs/iPhoneOS26.5.sdk -target arm64-apple-ios16.0 -g -module-cache-path /Users/macstar/Library/Developer/Xcode/DerivedData/ModuleCache.noindex -Xfrontend -serialize-debugging-options -profile-coverage-mapping -profile-generate -swift-version 5 -I /Users/macstar/Library/Developer/Xcode/DerivedData/PXJ-czjyndbyqatnunapslxpnxerxhgv/Build/Products/Debug-iphoneos -F /Users/macstar/Library/Developer/Xcode/DerivedData/PXJ-czjyndbyqatnunapslxpnxerxhgv/Build/Products/Debug-iphoneos -c -j8 -enable-batch-mode -incremental -Xcc -ivfsstatcache -Xcc /Users/macstar/Library/Developer/Xcode/DerivedData/SDKStatCaches.noindex/iphoneos26.5-23F81a-32daed1954a7d5dd0789fcaf2a9bb78b.sdkstatcache -output-file-map /Users/macstar/Library/Developer/Xcode/DerivedData/PXJ-czjyndbyqatnunapslxpnxerxhgv/Build/Intermediates.noindex/PXJ.build/Debug-iphoneos/PXJ.build/Objects-normal/arm64/PXJ-OutputFileMap.json -use-frontend-parseable-output -save-temps -no-color-diagnostics -explicit-module-build -module-cache-path /Users/macstar/Library/Developer/Xcode/DerivedData/PXJ-czjyndbyqatnunapslxpnxerxhgv/Build/Intermediates.noindex/SwiftExplicitPrecompiledModules -clang-scanner-module-cache-path /Users/macstar/Library/Developer/Xcode/DerivedData/ModuleCache.noindex -sdk-module-cache-path /Users/macstar/Library/Developer/Xcode/DerivedData/ModuleCache.noindex -serialize-diagnostics -emit-dependencies -emit-module -emit-module-path /Users/macstar/Library/Developer/Xcode/DerivedData/PXJ-czjyndbyqatnunapslxpnxerxhgv/Build/Intermediates.noindex/PXJ.build/Debug-iphoneos/PXJ.build/Objects-normal/arm64/PXJ.swiftmodule -validate-clang-modules-once -clang-build-session-file /Users/macstar/Library/Developer/Xcode/DerivedData/ModuleCache.noindex/Session.modulevalidation -Xcc -I/Users/macstar/Library/Developer/Xcode/DerivedData/PXJ-czjyndbyqatnunapslxpnxerxhgv/Build/Intermediates.noindex/PXJ.build/Debug-iphoneos/PXJ.build/swift-overrides.hmap -emit-const-values -Xfrontend -const-gather-protocols-file -Xfrontend /Users/macstar/Library/Developer/Xcode/DerivedData/PXJ-czjyndbyqatnunapslxpnxerxhgv/Build/Intermediates.noindex/PXJ.build/Debug-iphoneos/PXJ.build/Objects-normal/arm64/PXJ_const_extract_protocols.json -Xcc -iquote -Xcc /Users/macstar/Library/Developer/Xcode/DerivedData/PXJ-czjyndbyqatnunapslxpnxerxhgv/Build/Intermediates.noindex/PXJ.build/Debug-iphoneos/PXJ.build/PXJ-generated-files.hmap -Xcc -I/Users/macstar/Library/Developer/Xcode/DerivedData/PXJ-czjyndbyqatnunapslxpnxerxhgv/Build/Intermediates.noindex/PXJ.build/Debug-iphoneos/PXJ.build/PXJ-own-target-headers.hmap -Xcc -I/Users/macstar/Library/Developer/Xcode/DerivedData/PXJ-czjyndbyqatnunapslxpnxerxhgv/Build/Intermediates.noindex/PXJ.build/Debug-iphoneos/PXJ.build/PXJ-all-target-headers.hmap -Xcc -iquote -Xcc /Users/macstar/Library/Developer/Xcode/DerivedData/PXJ-czjyndbyqatnunapslxpnxerxhgv/Build/Intermediates.noindex/PXJ.build/Debug-iphoneos/PXJ.build/PXJ-project-headers.hmap -Xcc -I/Users/macstar/Library/Developer/Xcode/DerivedData/PXJ-czjyndbyqatnunapslxpnxerxhgv/Build/Products/Debug-iphoneos/include -Xcc -I/Users/macstar/Library/Developer/Xcode/DerivedData/PXJ-czjyndbyqatnunapslxpnxerxhgv/Build/Intermediates.noindex/PXJ.build/Debug-iphoneos/PXJ.build/DerivedSources-normal/arm64 -Xcc -I/Users/macstar/Library/Developer/Xcode/DerivedData/PXJ-czjyndbyqatnunapslxpnxerxhgv/Build/Intermediates.noindex/PXJ.build/Debug-iphoneos/PXJ.build/DerivedSources/arm64 -Xcc -I/Users/macstar/Library/Developer/Xcode/DerivedData/PXJ-czjyndbyqatnunapslxpnxerxhgv/Build/Intermediates.noindex/PXJ.build/Debug-iphoneos/PXJ.build/DerivedSources -emit-objc-header -emit-objc-header-path /Users/macstar/Library/Developer/Xcode/DerivedData/PXJ-czjyndbyqatnunapslxpnxerxhgv/Build/Intermediates.noindex/PXJ.build/Debug-iphoneos/PXJ.build/Objects-normal/arm64/PXJ-Swift.h -working-directory /Users/macstar/Code/PXJ -experimental-emit-module-separately -disable-cmo

SwiftEmitModule normal arm64 Emitting\ module\ for\ PXJ (in target 'PXJ' from project 'PXJ')

EmitSwiftModule normal arm64 (in target 'PXJ' from project 'PXJ')
    cd /Users/macstar/Code/PXJ
    

SwiftCompile normal arm64 Compiling\ ContentView.swift /Users/macstar/Code/PXJ/PXJ/ContentView.swift (in target 'PXJ' from project 'PXJ')
SwiftCompile normal arm64 /Users/macstar/Code/PXJ/PXJ/ContentView.swift (in target 'PXJ' from project 'PXJ')
    cd /Users/macstar/Code/PXJ
    

SwiftCompile normal arm64 Compiling\ QuestionSegmenter.swift /Users/macstar/Code/PXJ/PXJ/QuestionSegmenter.swift (in target 'PXJ' from project 'PXJ')

SwiftCompile normal arm64 /Users/macstar/Code/PXJ/PXJ/QuestionSegmenter.swift (in target 'PXJ' from project 'PXJ')
    cd /Users/macstar/Code/PXJ
    

SwiftDriverJobDiscovery normal arm64 Compiling QuestionSegmenter.swift (in target 'PXJ' from project 'PXJ')

SwiftDriverJobDiscovery normal arm64 Compiling ContentView.swift (in target 'PXJ' from project 'PXJ')

SwiftCompile normal arm64 Compiling\ iPadLearnView.swift,\ iPadMemoryView.swift /Users/macstar/Code/PXJ/PXJ/iPad/iPadLearnView.swift /Users/macstar/Code/PXJ/PXJ/iPad/iPadMemoryView.swift (in target 'PXJ' from project 'PXJ')

SwiftCompile normal arm64 /Users/macstar/Code/PXJ/PXJ/iPad/iPadLearnView.swift (in target 'PXJ' from project 'PXJ')
    cd /Users/macstar/Code/PXJ
    

SwiftCompile normal arm64 /Users/macstar/Code/PXJ/PXJ/iPad/iPadMemoryView.swift (in target 'PXJ' from project 'PXJ')
    cd /Users/macstar/Code/PXJ
    

SwiftCompile normal arm64 Compiling\ IntentRouting.swift,\ LearningProfileView.swift,\ MemoryDeltaCard.swift /Users/macstar/Code/PXJ/PXJ/Intent/IntentRouting.swift /Users/macstar/Code/PXJ/PXJ/Memory/LearningProfileView.swift /Users/macstar/Code/PXJ/PXJ/Memory/MemoryDeltaCard.swift (in target 'PXJ' from project 'PXJ')
SwiftCompile normal arm64 /Users/macstar/Code/PXJ/PXJ/Intent/IntentRouting.swift (in target 'PXJ' from project 'PXJ')
    cd /Users/macstar/Code/PXJ
    

SwiftCompile normal arm64 /Users/macstar/Code/PXJ/PXJ/Memory/LearningProfileView.swift (in target 'PXJ' from project 'PXJ')
    cd /Users/macstar/Code/PXJ
    

SwiftCompile normal arm64 /Users/macstar/Code/PXJ/PXJ/Memory/MemoryDeltaCard.swift (in target 'PXJ' from project 'PXJ')
    cd /Users/macstar/Code/PXJ
    

SwiftCompile normal arm64 Compiling\ Auth.swift,\ IntentModels.swift,\ IntentProposalCard.swift /Users/macstar/Code/PXJ/PXJ/Auth.swift /Users/macstar/Code/PXJ/PXJ/Intent/IntentModels.swift /Users/macstar/Code/PXJ/PXJ/Intent/IntentProposalCard.swift (in target 'PXJ' from project 'PXJ')
SwiftCompile normal arm64 /Users/macstar/Code/PXJ/PXJ/Auth.swift (in target 'PXJ' from project 'PXJ')
    cd /Users/macstar/Code/PXJ
    

SwiftCompile normal arm64 /Users/macstar/Code/PXJ/PXJ/Intent/IntentModels.swift (in target 'PXJ' from project 'PXJ')
    cd /Users/macstar/Code/PXJ
    

SwiftCompile normal arm64 /Users/macstar/Code/PXJ/PXJ/Intent/IntentProposalCard.swift (in target 'PXJ' from project 'PXJ')
    cd /Users/macstar/Code/PXJ
    

SwiftCompile normal arm64 Compiling\ QuestionExtractView.swift,\ QuestionGradingOverlay.swift /Users/macstar/Code/PXJ/PXJ/QuestionExtractView.swift /Users/macstar/Code/PXJ/PXJ/QuestionGradingOverlay.swift (in target 'PXJ' from project 'PXJ')

SwiftCompile normal arm64 /Users/macstar/Code/PXJ/PXJ/QuestionExtractView.swift (in target 'PXJ' from project 'PXJ')
    cd /Users/macstar/Code/PXJ
    

SwiftCompile normal arm64 /Users/macstar/Code/PXJ/PXJ/QuestionGradingOverlay.swift (in target 'PXJ' from project 'PXJ')
    cd /Users/macstar/Code/PXJ
    

SwiftCompile normal arm64 Compiling\ QuestionRegionOverlay.swift,\ iPadHistoryView.swift /Users/macstar/Code/PXJ/PXJ/QuestionRegionOverlay.swift /Users/macstar/Code/PXJ/PXJ/iPad/iPadHistoryView.swift (in target 'PXJ' from project 'PXJ')

SwiftCompile normal arm64 /Users/macstar/Code/PXJ/PXJ/QuestionRegionOverlay.swift (in target 'PXJ' from project 'PXJ')
    cd /Users/macstar/Code/PXJ
    

SwiftCompile normal arm64 /Users/macstar/Code/PXJ/PXJ/iPad/iPadHistoryView.swift (in target 'PXJ' from project 'PXJ')
    cd /Users/macstar/Code/PXJ
    

SwiftCompile normal arm64 Compiling\ MemoryModels.swift,\ MemoryProfileState.swift,\ PXJApp.swift /Users/macstar/Code/PXJ/PXJ/Memory/MemoryModels.swift /Users/macstar/Code/PXJ/PXJ/Memory/MemoryProfileState.swift /Users/macstar/Code/PXJ/PXJ/PXJApp.swift (in target 'PXJ' from project 'PXJ')

SwiftCompile normal arm64 /Users/macstar/Code/PXJ/PXJ/Memory/MemoryModels.swift (in target 'PXJ' from project 'PXJ')
    cd /Users/macstar/Code/PXJ
    

SwiftCompile normal arm64 /Users/macstar/Code/PXJ/PXJ/Memory/MemoryProfileState.swift (in target 'PXJ' from project 'PXJ')
    cd /Users/macstar/Code/PXJ
    

SwiftCompile normal arm64 /Users/macstar/Code/PXJ/PXJ/PXJApp.swift (in target 'PXJ' from project 'PXJ')
    cd /Users/macstar/Code/PXJ
    

SwiftCompile normal arm64 Compiling\ iPadMistakesView.swift,\ iPadRoot.swift /Users/macstar/Code/PXJ/PXJ/iPad/iPadMistakesView.swift /Users/macstar/Code/PXJ/PXJ/iPad/iPadRoot.swift (in target 'PXJ' from project 'PXJ')

SwiftCompile normal arm64 /Users/macstar/Code/PXJ/PXJ/iPad/iPadMistakesView.swift (in target 'PXJ' from project 'PXJ')
    cd /Users/macstar/Code/PXJ
    

SwiftCompile normal arm64 /Users/macstar/Code/PXJ/PXJ/iPad/iPadRoot.swift (in target 'PXJ' from project 'PXJ')
    cd /Users/macstar/Code/PXJ
    

SwiftCompile normal arm64 Compiling\ iPadSettingsView.swift,\ GeneratedAssetSymbols.swift /Users/macstar/Code/PXJ/PXJ/iPad/iPadSettingsView.swift /Users/macstar/Library/Developer/Xcode/DerivedData/PXJ-czjyndbyqatnunapslxpnxerxhgv/Build/Intermediates.noindex/PXJ.build/Debug-iphoneos/PXJ.build/DerivedSources/GeneratedAssetSymbols.swift (in target 'PXJ' from project 'PXJ')

SwiftCompile normal arm64 /Users/macstar/Code/PXJ/PXJ/iPad/iPadSettingsView.swift (in target 'PXJ' from project 'PXJ')
    cd /Users/macstar/Code/PXJ
    

SwiftCompile normal arm64 /Users/macstar/Library/Developer/Xcode/DerivedData/PXJ-czjyndbyqatnunapslxpnxerxhgv/Build/Intermediates.noindex/PXJ.build/Debug-iphoneos/PXJ.build/DerivedSources/GeneratedAssetSymbols.swift (in target 'PXJ' from project 'PXJ')
    cd /Users/macstar/Code/PXJ
    

SwiftDriverJobDiscovery normal arm64 Compiling iPadSettingsView.swift, GeneratedAssetSymbols.swift (in target 'PXJ' from project 'PXJ')

SwiftDriverJobDiscovery normal arm64 Compiling QuestionExtractView.swift, QuestionGradingOverlay.swift (in target 'PXJ' from project 'PXJ')

SwiftDriverJobDiscovery normal arm64 Compiling QuestionRegionOverlay.swift, iPadHistoryView.swift (in target 'PXJ' from project 'PXJ')

SwiftDriverJobDiscovery normal arm64 Compiling MemoryModels.swift, MemoryProfileState.swift, PXJApp.swift (in target 'PXJ' from project 'PXJ')

SwiftDriverJobDiscovery normal arm64 Compiling iPadLearnView.swift, iPadMemoryView.swift (in target 'PXJ' from project 'PXJ')

SwiftDriverJobDiscovery normal arm64 Compiling iPadMistakesView.swift, iPadRoot.swift (in target 'PXJ' from project 'PXJ')

SwiftDriverJobDiscovery normal arm64 Compiling IntentRouting.swift, LearningProfileView.swift, MemoryDeltaCard.swift (in target 'PXJ' from project 'PXJ')

SwiftDriverJobDiscovery normal arm64 Compiling Auth.swift, IntentModels.swift, IntentProposalCard.swift (in target 'PXJ' from project 'PXJ')

SwiftDriver\ Compilation PXJ normal arm64 com.apple.xcode.tools.swift.compiler (in target 'PXJ' from project 'PXJ')
    cd /Users/macstar/Code/PXJ
    builtin-Swift-Compilation -- /Applications/Xcode.app/Contents/Developer/Toolchains/XcodeDefault.xctoolchain/usr/bin/swiftc -module-name PXJ -O @/Users/macstar/Library/Developer/Xcode/DerivedData/PXJ-czjyndbyqatnunapslxpnxerxhgv/Build/Intermediates.noindex/PXJ.build/Debug-iphoneos/PXJ.build/Objects-normal/arm64/PXJ.SwiftFileList -DDEBUG -enable-bare-slash-regex -enable-experimental-feature DebugDescriptionMacro -sdk /Applications/Xcode.app/Contents/Developer/Platforms/iPhoneOS.platform/Developer/SDKs/iPhoneOS26.5.sdk -target arm64-apple-ios16.0 -g -module-cache-path /Users/macstar/Library/Developer/Xcode/DerivedData/ModuleCache.noindex -Xfrontend -serialize-debugging-options -profile-coverage-mapping -profile-generate -swift-version 5 -I /Users/macstar/Library/Developer/Xcode/DerivedData/PXJ-czjyndbyqatnunapslxpnxerxhgv/Build/Products/Debug-iphoneos -F /Users/macstar/Library/Developer/Xcode/DerivedData/PXJ-czjyndbyqatnunapslxpnxerxhgv/Build/Products/Debug-iphoneos -c -j8 -enable-batch-mode -incremental -Xcc -ivfsstatcache -Xcc /Users/macstar/Library/Developer/Xcode/DerivedData/SDKStatCaches.noindex/iphoneos26.5-23F81a-32daed1954a7d5dd0789fcaf2a9bb78b.sdkstatcache -output-file-map /Users/macstar/Library/Developer/Xcode/DerivedData/PXJ-czjyndbyqatnunapslxpnxerxhgv/Build/Intermediates.noindex/PXJ.build/Debug-iphoneos/PXJ.build/Objects-normal/arm64/PXJ-OutputFileMap.json -use-frontend-parseable-output -save-temps -no-color-diagnostics -explicit-module-build -module-cache-path /Users/macstar/Library/Developer/Xcode/DerivedData/PXJ-czjyndbyqatnunapslxpnxerxhgv/Build/Intermediates.noindex/SwiftExplicitPrecompiledModules -clang-scanner-module-cache-path /Users/macstar/Library/Developer/Xcode/DerivedData/ModuleCache.noindex -sdk-module-cache-path /Users/macstar/Library/Developer/Xcode/DerivedData/ModuleCache.noindex -serialize-diagnostics -emit-dependencies -emit-module -emit-module-path /Users/macstar/Library/Developer/Xcode/DerivedData/PXJ-czjyndbyqatnunapslxpnxerxhgv/Build/Intermediates.noindex/PXJ.build/Debug-iphoneos/PXJ.build/Objects-normal/arm64/PXJ.swiftmodule -validate-clang-modules-once -clang-build-session-file /Users/macstar/Library/Developer/Xcode/DerivedData/ModuleCache.noindex/Session.modulevalidation -Xcc -I/Users/macstar/Library/Developer/Xcode/DerivedData/PXJ-czjyndbyqatnunapslxpnxerxhgv/Build/Intermediates.noindex/PXJ.build/Debug-iphoneos/PXJ.build/swift-overrides.hmap -emit-const-values -Xfrontend -const-gather-protocols-file -Xfrontend /Users/macstar/Library/Developer/Xcode/DerivedData/PXJ-czjyndbyqatnunapslxpnxerxhgv/Build/Intermediates.noindex/PXJ.build/Debug-iphoneos/PXJ.build/Objects-normal/arm64/PXJ_const_extract_protocols.json -Xcc -iquote -Xcc /Users/macstar/Library/Developer/Xcode/DerivedData/PXJ-czjyndbyqatnunapslxpnxerxhgv/Build/Intermediates.noindex/PXJ.build/Debug-iphoneos/PXJ.build/PXJ-generated-files.hmap -Xcc -I/Users/macstar/Library/Developer/Xcode/DerivedData/PXJ-czjyndbyqatnunapslxpnxerxhgv/Build/Intermediates.noindex/PXJ.build/Debug-iphoneos/PXJ.build/PXJ-own-target-headers.hmap -Xcc -I/Users/macstar/Library/Developer/Xcode/DerivedData/PXJ-czjyndbyqatnunapslxpnxerxhgv/Build/Intermediates.noindex/PXJ.build/Debug-iphoneos/PXJ.build/PXJ-all-target-headers.hmap -Xcc -iquote -Xcc /Users/macstar/Library/Developer/Xcode/DerivedData/PXJ-czjyndbyqatnunapslxpnxerxhgv/Build/Intermediates.noindex/PXJ.build/Debug-iphoneos/PXJ.build/PXJ-project-headers.hmap -Xcc -I/Users/macstar/Library/Developer/Xcode/DerivedData/PXJ-czjyndbyqatnunapslxpnxerxhgv/Build/Products/Debug-iphoneos/include -Xcc -I/Users/macstar/Library/Developer/Xcode/DerivedData/PXJ-czjyndbyqatnunapslxpnxerxhgv/Build/Intermediates.noindex/PXJ.build/Debug-iphoneos/PXJ.build/DerivedSources-normal/arm64 -Xcc -I/Users/macstar/Library/Developer/Xcode/DerivedData/PXJ-czjyndbyqatnunapslxpnxerxhgv/Build/Intermediates.noindex/PXJ.build/Debug-iphoneos/PXJ.build/DerivedSources/arm64 -Xcc -I/Users/macstar/Library/Developer/Xcode/DerivedData/PXJ-czjyndbyqatnunapslxpnxerxhgv/Build/Intermediates.noindex/PXJ.build/Debug-iphoneos/PXJ.build/DerivedSources -emit-objc-header -emit-objc-header-path /Users/macstar/Library/Developer/Xcode/DerivedData/PXJ-czjyndbyqatnunapslxpnxerxhgv/Build/Intermediates.noindex/PXJ.build/Debug-iphoneos/PXJ.build/Objects-normal/arm64/PXJ-Swift.h -working-directory /Users/macstar/Code/PXJ -experimental-emit-module-separately -disable-cmo

SwiftDriverJobDiscovery normal arm64 Emitting module for PXJ (in target 'PXJ' from project 'PXJ')

SwiftDriver\ Compilation\ Requirements PXJ normal arm64 com.apple.xcode.tools.swift.compiler (in target 'PXJ' from project 'PXJ')
    cd /Users/macstar/Code/PXJ
    builtin-Swift-Compilation-Requirements -- /Applications/Xcode.app/Contents/Developer/Toolchains/XcodeDefault.xctoolchain/usr/bin/swiftc -module-name PXJ -O @/Users/macstar/Library/Developer/Xcode/DerivedData/PXJ-czjyndbyqatnunapslxpnxerxhgv/Build/Intermediates.noindex/PXJ.build/Debug-iphoneos/PXJ.build/Objects-normal/arm64/PXJ.SwiftFileList -DDEBUG -enable-bare-slash-regex -enable-experimental-feature DebugDescriptionMacro -sdk /Applications/Xcode.app/Contents/Developer/Platforms/iPhoneOS.platform/Developer/SDKs/iPhoneOS26.5.sdk -target arm64-apple-ios16.0 -g -module-cache-path /Users/macstar/Library/Developer/Xcode/DerivedData/ModuleCache.noindex -Xfrontend -serialize-debugging-options -profile-coverage-mapping -profile-generate -swift-version 5 -I /Users/macstar/Library/Developer/Xcode/DerivedData/PXJ-czjyndbyqatnunapslxpnxerxhgv/Build/Products/Debug-iphoneos -F /Users/macstar/Library/Developer/Xcode/DerivedData/PXJ-czjyndbyqatnunapslxpnxerxhgv/Build/Products/Debug-iphoneos -c -j8 -enable-batch-mode -incremental -Xcc -ivfsstatcache -Xcc /Users/macstar/Library/Developer/Xcode/DerivedData/SDKStatCaches.noindex/iphoneos26.5-23F81a-32daed1954a7d5dd0789fcaf2a9bb78b.sdkstatcache -output-file-map /Users/macstar/Library/Developer/Xcode/DerivedData/PXJ-czjyndbyqatnunapslxpnxerxhgv/Build/Intermediates.noindex/PXJ.build/Debug-iphoneos/PXJ.build/Objects-normal/arm64/PXJ-OutputFileMap.json -use-frontend-parseable-output -save-temps -no-color-diagnostics -explicit-module-build -module-cache-path /Users/macstar/Library/Developer/Xcode/DerivedData/PXJ-czjyndbyqatnunapslxpnxerxhgv/Build/Intermediates.noindex/SwiftExplicitPrecompiledModules -clang-scanner-module-cache-path /Users/macstar/Library/Developer/Xcode/DerivedData/ModuleCache.noindex -sdk-module-cache-path /Users/macstar/Library/Developer/Xcode/DerivedData/ModuleCache.noindex -serialize-diagnostics -emit-dependencies -emit-module -emit-module-path /Users/macstar/Library/Developer/Xcode/DerivedData/PXJ-czjyndbyqatnunapslxpnxerxhgv/Build/Intermediates.noindex/PXJ.build/Debug-iphoneos/PXJ.build/Objects-normal/arm64/PXJ.swiftmodule -validate-clang-modules-once -clang-build-session-file /Users/macstar/Library/Developer/Xcode/DerivedData/ModuleCache.noindex/Session.modulevalidation -Xcc -I/Users/macstar/Library/Developer/Xcode/DerivedData/PXJ-czjyndbyqatnunapslxpnxerxhgv/Build/Intermediates.noindex/PXJ.build/Debug-iphoneos/PXJ.build/swift-overrides.hmap -emit-const-values -Xfrontend -const-gather-protocols-file -Xfrontend /Users/macstar/Library/Developer/Xcode/DerivedData/PXJ-czjyndbyqatnunapslxpnxerxhgv/Build/Intermediates.noindex/PXJ.build/Debug-iphoneos/PXJ.build/Objects-normal/arm64/PXJ_const_extract_protocols.json -Xcc -iquote -Xcc /Users/macstar/Library/Developer/Xcode/DerivedData/PXJ-czjyndbyqatnunapslxpnxerxhgv/Build/Intermediates.noindex/PXJ.build/Debug-iphoneos/PXJ.build/PXJ-generated-files.hmap -Xcc -I/Users/macstar/Library/Developer/Xcode/DerivedData/PXJ-czjyndbyqatnunapslxpnxerxhgv/Build/Intermediates.noindex/PXJ.build/Debug-iphoneos/PXJ.build/PXJ-own-target-headers.hmap -Xcc -I/Users/macstar/Library/Developer/Xcode/DerivedData/PXJ-czjyndbyqatnunapslxpnxerxhgv/Build/Intermediates.noindex/PXJ.build/Debug-iphoneos/PXJ.build/PXJ-all-target-headers.hmap -Xcc -iquote -Xcc /Users/macstar/Library/Developer/Xcode/DerivedData/PXJ-czjyndbyqatnunapslxpnxerxhgv/Build/Intermediates.noindex/PXJ.build/Debug-iphoneos/PXJ.build/PXJ-project-headers.hmap -Xcc -I/Users/macstar/Library/Developer/Xcode/DerivedData/PXJ-czjyndbyqatnunapslxpnxerxhgv/Build/Products/Debug-iphoneos/include -Xcc -I/Users/macstar/Library/Developer/Xcode/DerivedData/PXJ-czjyndbyqatnunapslxpnxerxhgv/Build/Intermediates.noindex/PXJ.build/Debug-iphoneos/PXJ.build/DerivedSources-normal/arm64 -Xcc -I/Users/macstar/Library/Developer/Xcode/DerivedData/PXJ-czjyndbyqatnunapslxpnxerxhgv/Build/Intermediates.noindex/PXJ.build/Debug-iphoneos/PXJ.build/DerivedSources/arm64 -Xcc -I/Users/macstar/Library/Developer/Xcode/DerivedData/PXJ-czjyndbyqatnunapslxpnxerxhgv/Build/Intermediates.noindex/PXJ.build/Debug-iphoneos/PXJ.build/DerivedSources -emit-objc-header -emit-objc-header-path /Users/macstar/Library/Developer/Xcode/DerivedData/PXJ-czjyndbyqatnunapslxpnxerxhgv/Build/Intermediates.noindex/PXJ.build/Debug-iphoneos/PXJ.build/Objects-normal/arm64/PXJ-Swift.h -working-directory /Users/macstar/Code/PXJ -experimental-emit-module-separately -disable-cmo

Copy /Users/macstar/Library/Developer/Xcode/DerivedData/PXJ-czjyndbyqatnunapslxpnxerxhgv/Build/Products/Debug-iphoneos/PXJ.swiftmodule/arm64-apple-ios.swiftmodule /Users/macstar/Library/Developer/Xcode/DerivedData/PXJ-czjyndbyqatnunapslxpnxerxhgv/Build/Intermediates.noindex/PXJ.build/Debug-iphoneos/PXJ.build/Objects-normal/arm64/PXJ.swiftmodule (in target 'PXJ' from project 'PXJ')
    cd /Users/macstar/Code/PXJ
    builtin-copy -exclude .DS_Store -exclude CVS -exclude .svn -exclude .git -exclude .hg -strip-unsigned-binaries -strip-deterministic -strip-tool /Applications/Xcode.app/Contents/Developer/Toolchains/XcodeDefault.xctoolchain/usr/bin/strip -resolve-src-symlinks -rename /Users/macstar/Library/Developer/Xcode/DerivedData/PXJ-czjyndbyqatnunapslxpnxerxhgv/Build/Intermediates.noindex/PXJ.build/Debug-iphoneos/PXJ.build/Objects-normal/arm64/PXJ.swiftmodule /Users/macstar/Library/Developer/Xcode/DerivedData/PXJ-czjyndbyqatnunapslxpnxerxhgv/Build/Products/Debug-iphoneos/PXJ.swiftmodule/arm64-apple-ios.swiftmodule

Copy /Users/macstar/Library/Developer/Xcode/DerivedData/PXJ-czjyndbyqatnunapslxpnxerxhgv/Build/Products/Debug-iphoneos/PXJ.swiftmodule/Project/arm64-apple-ios.swiftsourceinfo /Users/macstar/Library/Developer/Xcode/DerivedData/PXJ-czjyndbyqatnunapslxpnxerxhgv/Build/Intermediates.noindex/PXJ.build/Debug-iphoneos/PXJ.build/Objects-normal/arm64/PXJ.swiftsourceinfo (in target 'PXJ' from project 'PXJ')
    cd /Users/macstar/Code/PXJ
    builtin-copy -exclude .DS_Store -exclude CVS -exclude .svn -exclude .git -exclude .hg -strip-unsigned-binaries -strip-deterministic -strip-tool /Applications/Xcode.app/Contents/Developer/Toolchains/XcodeDefault.xctoolchain/usr/bin/strip -resolve-src-symlinks -rename /Users/macstar/Library/Developer/Xcode/DerivedData/PXJ-czjyndbyqatnunapslxpnxerxhgv/Build/Intermediates.noindex/PXJ.build/Debug-iphoneos/PXJ.build/Objects-normal/arm64/PXJ.swiftsourceinfo /Users/macstar/Library/Developer/Xcode/DerivedData/PXJ-czjyndbyqatnunapslxpnxerxhgv/Build/Products/Debug-iphoneos/PXJ.swiftmodule/Project/arm64-apple-ios.swiftsourceinfo

Copy /Users/macstar/Library/Developer/Xcode/DerivedData/PXJ-czjyndbyqatnunapslxpnxerxhgv/Build/Products/Debug-iphoneos/PXJ.swiftmodule/arm64-apple-ios.abi.json /Users/macstar/Library/Developer/Xcode/DerivedData/PXJ-czjyndbyqatnunapslxpnxerxhgv/Build/Intermediates.noindex/PXJ.build/Debug-iphoneos/PXJ.build/Objects-normal/arm64/PXJ.abi.json (in target 'PXJ' from project 'PXJ')
    cd /Users/macstar/Code/PXJ
    builtin-copy -exclude .DS_Store -exclude CVS -exclude .svn -exclude .git -exclude .hg -strip-unsigned-binaries -strip-deterministic -strip-tool /Applications/Xcode.app/Contents/Developer/Toolchains/XcodeDefault.xctoolchain/usr/bin/strip -resolve-src-symlinks -rename /Users/macstar/Library/Developer/Xcode/DerivedData/PXJ-czjyndbyqatnunapslxpnxerxhgv/Build/Intermediates.noindex/PXJ.build/Debug-iphoneos/PXJ.build/Objects-normal/arm64/PXJ.abi.json /Users/macstar/Library/Developer/Xcode/DerivedData/PXJ-czjyndbyqatnunapslxpnxerxhgv/Build/Products/Debug-iphoneos/PXJ.swiftmodule/arm64-apple-ios.abi.json

Ld /Users/macstar/Library/Developer/Xcode/DerivedData/PXJ-czjyndbyqatnunapslxpnxerxhgv/Build/Products/Debug-iphoneos/PXJ.app/PXJ normal (in target 'PXJ' from project 'PXJ')
    cd /Users/macstar/Code/PXJ
    /Applications/Xcode.app/Contents/Developer/Toolchains/XcodeDefault.xctoolchain/usr/bin/clang -Xlinker -reproducible -target arm64-apple-ios16.0 -isysroot /Applications/Xcode.app/Contents/Developer/Platforms/iPhoneOS.platform/Developer/SDKs/iPhoneOS26.5.sdk -Os -L/Users/macstar/Library/Developer/Xcode/DerivedData/PXJ-czjyndbyqatnunapslxpnxerxhgv/Build/Intermediates.noindex/EagerLinkingTBDs/Debug-iphoneos -L/Users/macstar/Library/Developer/Xcode/DerivedData/PXJ-czjyndbyqatnunapslxpnxerxhgv/Build/Products/Debug-iphoneos -F/Users/macstar/Library/Developer/Xcode/DerivedData/PXJ-czjyndbyqatnunapslxpnxerxhgv/Build/Intermediates.noindex/EagerLinkingTBDs/Debug-iphoneos -F/Users/macstar/Library/Developer/Xcode/DerivedData/PXJ-czjyndbyqatnunapslxpnxerxhgv/Build/Products/Debug-iphoneos -filelist /Users/macstar/Library/Developer/Xcode/DerivedData/PXJ-czjyndbyqatnunapslxpnxerxhgv/Build/Intermediates.noindex/PXJ.build/Debug-iphoneos/PXJ.build/Objects-normal/arm64/PXJ.LinkFileList -Xlinker -rpath -Xlinker /usr/lib/swift -Xlinker -rpath -Xlinker @executable_path/Frameworks -Xlinker -dead_strip -Xlinker -object_path_lto -Xlinker /Users/macstar/Library/Developer/Xcode/DerivedData/PXJ-czjyndbyqatnunapslxpnxerxhgv/Build/Intermediates.noindex/PXJ.build/Debug-iphoneos/PXJ.build/Objects-normal/arm64/PXJ_lto.o -Xlinker -debug_variant -Xlinker -dependency_info -Xlinker /Users/macstar/Library/Developer/Xcode/DerivedData/PXJ-czjyndbyqatnunapslxpnxerxhgv/Build/Intermediates.noindex/PXJ.build/Debug-iphoneos/PXJ.build/Objects-normal/arm64/PXJ_dependency_info.dat -fobjc-link-runtime -fprofile-instr-generate -L/Applications/Xcode.app/Contents/Developer/Toolchains/XcodeDefault.xctoolchain/usr/lib/swift/iphoneos -L/usr/lib/swift -Xlinker -add_ast_path -Xlinker /Users/macstar/Library/Developer/Xcode/DerivedData/PXJ-czjyndbyqatnunapslxpnxerxhgv/Build/Intermediates.noindex/PXJ.build/Debug-iphoneos/PXJ.build/Objects-normal/arm64/PXJ.swiftmodule @/Users/macstar/Library/Developer/Xcode/DerivedData/PXJ-czjyndbyqatnunapslxpnxerxhgv/Build/Intermediates.noindex/PXJ.build/Debug-iphoneos/PXJ.build/Objects-normal/arm64/PXJ-linker-args.resp -o /Users/macstar/Library/Developer/Xcode/DerivedData/PXJ-czjyndbyqatnunapslxpnxerxhgv/Build/Products/Debug-iphoneos/PXJ.app/PXJ

ExtractAppIntentsMetadata (in target 'PXJ' from project 'PXJ')
    cd /Users/macstar/Code/PXJ
    /Applications/Xcode.app/Contents/Developer/Toolchains/XcodeDefault.xctoolchain/usr/bin/appintentsmetadataprocessor --toolchain-dir /Applications/Xcode.app/Contents/Developer/Toolchains/XcodeDefault.xctoolchain --module-name PXJ --sdk-root /Applications/Xcode.app/Contents/Developer/Platforms/iPhoneOS.platform/Developer/SDKs/iPhoneOS26.5.sdk --xcode-version 17F113 --platform-family iOS --deployment-target 16.0 --bundle-identifier com.linyibin8.pxj --output /Users/macstar/Library/Developer/Xcode/DerivedData/PXJ-czjyndbyqatnunapslxpnxerxhgv/Build/Products/Debug-iphoneos/PXJ.app --target-triple arm64-apple-ios16.0 --binary-file /Users/macstar/Library/Developer/Xcode/DerivedData/PXJ-czjyndbyqatnunapslxpnxerxhgv/Build/Products/Debug-iphoneos/PXJ.app/PXJ --dependency-file /Users/macstar/Library/Developer/Xcode/DerivedData/PXJ-czjyndbyqatnunapslxpnxerxhgv/Build/Intermediates.noindex/PXJ.build/Debug-iphoneos/PXJ.build/Objects-normal/arm64/PXJ_dependency_info.dat --stringsdata-file /Users/macstar/Library/Developer/Xcode/DerivedData/PXJ-czjyndbyqatnunapslxpnxerxhgv/Build/Intermediates.noindex/PXJ.build/Debug-iphoneos/PXJ.build/Objects-normal/arm64/ExtractedAppShortcutsMetadata.stringsdata --source-file-list /Users/macstar/Library/Developer/Xcode/DerivedData/PXJ-czjyndbyqatnunapslxpnxerxhgv/Build/Intermediates.noindex/PXJ.build/Debug-iphoneos/PXJ.build/Objects-normal/arm64/PXJ.SwiftFileList --metadata-file-list /Users/macstar/Library/Developer/Xcode/DerivedData/PXJ-czjyndbyqatnunapslxpnxerxhgv/Build/Intermediates.noindex/PXJ.build/Debug-iphoneos/PXJ.build/PXJ.DependencyMetadataFileList --static-metadata-file-list /Users/macstar/Library/Developer/Xcode/DerivedData/PXJ-czjyndbyqatnunapslxpnxerxhgv/Build/Intermediates.noindex/PXJ.build/Debug-iphoneos/PXJ.build/PXJ.DependencyStaticMetadataFileList --swift-const-vals-list /Users/macstar/Library/Developer/Xcode/DerivedData/PXJ-czjyndbyqatnunapslxpnxerxhgv/Build/Intermediates.noindex/PXJ.build/Debug-iphoneos/PXJ.build/Objects-normal/arm64/PXJ.SwiftConstValuesFileList --compile-time-extraction --deployment-aware-processing --validate-assistant-intents --no-app-shortcuts-localization
2026-06-30 15:47:58.502 appintentsmetadataprocessor[49181:929472] Starting appintentsmetadataprocessor export
2026-06-30 15:47:58.504 appintentsmetadataprocessor[49181:929472] warning: Metadata extraction skipped. No AppIntents.framework dependency found.

ProcessInfoPlistFile /Users/macstar/Library/Developer/Xcode/DerivedData/PXJ-czjyndbyqatnunapslxpnxerxhgv/Build/Products/Debug-iphoneos/PXJ.app/Info.plist /Users/macstar/Code/PXJ/PXJ/Info.plist (in target 'PXJ' from project 'PXJ')
    cd /Users/macstar/Code/PXJ
    builtin-infoPlistUtility /Users/macstar/Code/PXJ/PXJ/Info.plist -producttype com.apple.product-type.application -genpkginfo /Users/macstar/Library/Developer/Xcode/DerivedData/PXJ-czjyndbyqatnunapslxpnxerxhgv/Build/Products/Debug-iphoneos/PXJ.app/PkgInfo -expandbuildsettings -format binary -platform iphoneos -additionalcontentfile /Users/macstar/Library/Developer/Xcode/DerivedData/PXJ-czjyndbyqatnunapslxpnxerxhgv/Build/Intermediates.noindex/PXJ.build/Debug-iphoneos/PXJ.build/assetcatalog_generated_info.plist -requiredArchitecture arm64 -o /Users/macstar/Library/Developer/Xcode/DerivedData/PXJ-czjyndbyqatnunapslxpnxerxhgv/Build/Products/Debug-iphoneos/PXJ.app/Info.plist

CopySwiftLibs /Users/macstar/Library/Developer/Xcode/DerivedData/PXJ-czjyndbyqatnunapslxpnxerxhgv/Build/Products/Debug-iphoneos/PXJ.app (in target 'PXJ' from project 'PXJ')
    cd /Users/macstar/Code/PXJ
    builtin-swiftStdLibTool --copy --verbose --scan-executable /Users/macstar/Library/Developer/Xcode/DerivedData/PXJ-czjyndbyqatnunapslxpnxerxhgv/Build/Products/Debug-iphoneos/PXJ.app/PXJ --scan-folder /Users/macstar/Library/Developer/Xcode/DerivedData/PXJ-czjyndbyqatnunapslxpnxerxhgv/Build/Products/Debug-iphoneos/PXJ.app/Frameworks --scan-folder /Users/macstar/Library/Developer/Xcode/DerivedData/PXJ-czjyndbyqatnunapslxpnxerxhgv/Build/Products/Debug-iphoneos/PXJ.app/PlugIns --scan-folder /Users/macstar/Library/Developer/Xcode/DerivedData/PXJ-czjyndbyqatnunapslxpnxerxhgv/Build/Products/Debug-iphoneos/PXJ.app/SystemExtensions --scan-folder /Users/macstar/Library/Developer/Xcode/DerivedData/PXJ-czjyndbyqatnunapslxpnxerxhgv/Build/Products/Debug-iphoneos/PXJ.app/Extensions --platform iphoneos --toolchain /Applications/Xcode.app/Contents/Developer/Toolchains/XcodeDefault.xctoolchain --destination /Users/macstar/Library/Developer/Xcode/DerivedData/PXJ-czjyndbyqatnunapslxpnxerxhgv/Build/Products/Debug-iphoneos/PXJ.app/Frameworks --strip-bitcode --strip-bitcode-tool /Applications/Xcode.app/Contents/Developer/Toolchains/XcodeDefault.xctoolchain/usr/bin/bitcode_strip --emit-dependency-info /Users/macstar/Library/Developer/Xcode/DerivedData/PXJ-czjyndbyqatnunapslxpnxerxhgv/Build/Intermediates.noindex/PXJ.build/Debug-iphoneos/PXJ.build/SwiftStdLibToolInputDependencies.dep --filter-for-swift-os --back-deploy-swift-span
Ignoring --strip-bitcode because --sign was not passed

GenerateDSYMFile /Users/macstar/Library/Developer/Xcode/DerivedData/PXJ-czjyndbyqatnunapslxpnxerxhgv/Build/Products/Debug-iphoneos/PXJ.app.dSYM /Users/macstar/Library/Developer/Xcode/DerivedData/PXJ-czjyndbyqatnunapslxpnxerxhgv/Build/Products/Debug-iphoneos/PXJ.app/PXJ (in target 'PXJ' from project 'PXJ')
    cd /Users/macstar/Code/PXJ
    /Applications/Xcode.app/Contents/Developer/Toolchains/XcodeDefault.xctoolchain/usr/bin/dsymutil /Users/macstar/Library/Developer/Xcode/DerivedData/PXJ-czjyndbyqatnunapslxpnxerxhgv/Build/Products/Debug-iphoneos/PXJ.app/PXJ -o /Users/macstar/Library/Developer/Xcode/DerivedData/PXJ-czjyndbyqatnunapslxpnxerxhgv/Build/Products/Debug-iphoneos/PXJ.app.dSYM

** BUILD SUCCEEDED **

